PASS collision GATED=1 shape=0 op=4 phase=0 source=0 launches=1 retire=1 WB=1 stores=4 reads=1
PASS collision GATED=1 shape=0 op=4 phase=1 source=0 launches=2 retire=1 WB=1 stores=4 reads=1
PASS collision GATED=1 shape=0 op=4 phase=2 source=0 launches=2 retire=1 WB=1 stores=4 reads=1
PASS collision GATED=1 shape=0 op=4 phase=0 source=1 launches=1 retire=1 WB=1 stores=4 reads=1
PASS collision GATED=1 shape=0 op=4 phase=0 source=2 launches=1 retire=1 WB=1 stores=4 reads=2
PASS collision GATED=1 shape=0 op=4 phase=0 source=3 launches=1 retire=1 WB=1 stores=4 reads=1
PASS collision GATED=1 shape=0 op=4 phase=0 source=4 launches=1 retire=1 WB=1 stores=4 reads=2
PASS collision GATED=1 shape=0 op=5 phase=0 source=0 launches=1 retire=1 WB=1 stores=4 reads=1
PASS collision GATED=1 shape=0 op=5 phase=1 source=0 launches=2 retire=1 WB=1 stores=4 reads=1
PASS collision GATED=1 shape=0 op=5 phase=2 source=0 launches=2 retire=1 WB=1 stores=4 reads=1
PASS collision GATED=1 shape=0 op=5 phase=0 source=1 launches=1 retire=1 WB=1 stores=4 reads=1
PASS collision GATED=1 shape=0 op=5 phase=0 source=2 launches=1 retire=1 WB=1 stores=4 reads=2
PASS collision GATED=1 shape=0 op=5 phase=0 source=3 launches=1 retire=1 WB=1 stores=4 reads=1
PASS collision GATED=1 shape=0 op=5 phase=0 source=4 launches=1 retire=1 WB=1 stores=4 reads=2
PASS collision GATED=1 shape=0 op=6 phase=0 source=0 launches=1 retire=1 WB=1 stores=4 reads=1
PASS collision GATED=1 shape=0 op=6 phase=1 source=0 launches=2 retire=1 WB=1 stores=4 reads=1
PASS collision GATED=1 shape=0 op=6 phase=2 source=0 launches=2 retire=1 WB=1 stores=4 reads=1
PASS collision GATED=1 shape=0 op=6 phase=0 source=1 launches=1 retire=1 WB=1 stores=4 reads=1
PASS collision GATED=1 shape=0 op=6 phase=0 source=2 launches=1 retire=1 WB=1 stores=4 reads=2
PASS collision GATED=1 shape=0 op=6 phase=0 source=3 launches=1 retire=1 WB=1 stores=4 reads=1
PASS collision GATED=1 shape=0 op=6 phase=0 source=4 launches=1 retire=1 WB=1 stores=4 reads=2
PASS collision GATED=1 shape=0 op=7 phase=0 source=0 launches=1 retire=1 WB=1 stores=4 reads=1
PASS collision GATED=1 shape=0 op=7 phase=1 source=0 launches=2 retire=1 WB=1 stores=4 reads=1
PASS collision GATED=1 shape=0 op=7 phase=2 source=0 launches=2 retire=1 WB=1 stores=4 reads=1
PASS collision GATED=1 shape=0 op=7 phase=0 source=1 launches=1 retire=1 WB=1 stores=4 reads=1
PASS collision GATED=1 shape=0 op=7 phase=0 source=2 launches=1 retire=1 WB=1 stores=4 reads=2
PASS collision GATED=1 shape=0 op=7 phase=0 source=3 launches=1 retire=1 WB=1 stores=4 reads=1
PASS collision GATED=1 shape=0 op=7 phase=0 source=4 launches=1 retire=1 WB=1 stores=4 reads=2
PASS collision GATED=1 shape=1 op=4 phase=0 source=0 launches=1 retire=1 WB=1 stores=4 reads=1
PASS collision GATED=1 shape=1 op=4 phase=2 source=0 launches=2 retire=1 WB=1 stores=4 reads=1
PASS collision GATED=1 shape=1 op=4 phase=0 source=1 launches=1 retire=1 WB=1 stores=4 reads=1
PASS collision GATED=1 shape=1 op=4 phase=0 source=2 launches=1 retire=1 WB=1 stores=4 reads=2
PASS collision GATED=1 shape=1 op=4 phase=0 source=3 launches=1 retire=1 WB=1 stores=4 reads=1
PASS collision GATED=1 shape=1 op=4 phase=0 source=4 launches=1 retire=1 WB=1 stores=4 reads=2
PASS collision GATED=1 shape=1 op=5 phase=0 source=0 launches=1 retire=1 WB=1 stores=4 reads=1
PASS collision GATED=1 shape=1 op=5 phase=2 source=0 launches=2 retire=1 WB=1 stores=4 reads=1
PASS collision GATED=1 shape=1 op=5 phase=0 source=1 launches=1 retire=1 WB=1 stores=4 reads=1
PASS collision GATED=1 shape=1 op=5 phase=0 source=2 launches=1 retire=1 WB=1 stores=4 reads=2
PASS collision GATED=1 shape=1 op=5 phase=0 source=3 launches=1 retire=1 WB=1 stores=4 reads=1
PASS collision GATED=1 shape=1 op=5 phase=0 source=4 launches=1 retire=1 WB=1 stores=4 reads=2
PASS collision GATED=1 shape=1 op=6 phase=0 source=0 launches=1 retire=1 WB=1 stores=4 reads=1
PASS collision GATED=1 shape=1 op=6 phase=2 source=0 launches=2 retire=1 WB=1 stores=4 reads=1
PASS collision GATED=1 shape=1 op=6 phase=0 source=1 launches=1 retire=1 WB=1 stores=4 reads=1
PASS collision GATED=1 shape=1 op=6 phase=0 source=2 launches=1 retire=1 WB=1 stores=4 reads=2
PASS collision GATED=1 shape=1 op=6 phase=0 source=3 launches=1 retire=1 WB=1 stores=4 reads=1
PASS collision GATED=1 shape=1 op=6 phase=0 source=4 launches=1 retire=1 WB=1 stores=4 reads=2
PASS collision GATED=1 shape=1 op=7 phase=0 source=0 launches=1 retire=1 WB=1 stores=4 reads=1
PASS collision GATED=1 shape=1 op=7 phase=2 source=0 launches=2 retire=1 WB=1 stores=4 reads=1
PASS collision GATED=1 shape=1 op=7 phase=0 source=1 launches=1 retire=1 WB=1 stores=4 reads=1
PASS collision GATED=1 shape=1 op=7 phase=0 source=2 launches=1 retire=1 WB=1 stores=4 reads=2
PASS collision GATED=1 shape=1 op=7 phase=0 source=3 launches=1 retire=1 WB=1 stores=4 reads=1
PASS collision GATED=1 shape=1 op=7 phase=0 source=4 launches=1 retire=1 WB=1 stores=4 reads=2
PASS collision GATED=1 shape=2 op=4 phase=0 source=0 launches=1 retire=1 WB=1 stores=4 reads=1
PASS collision GATED=1 shape=2 op=4 phase=2 source=0 launches=2 retire=1 WB=1 stores=4 reads=1
PASS collision GATED=1 shape=2 op=4 phase=0 source=1 launches=1 retire=1 WB=1 stores=4 reads=1
PASS collision GATED=1 shape=2 op=4 phase=0 source=2 launches=1 retire=1 WB=1 stores=4 reads=2
PASS collision GATED=1 shape=2 op=4 phase=0 source=3 launches=1 retire=1 WB=1 stores=4 reads=1
PASS collision GATED=1 shape=2 op=4 phase=0 source=4 launches=1 retire=1 WB=1 stores=4 reads=2
PASS collision GATED=1 shape=2 op=6 phase=0 source=0 launches=1 retire=1 WB=1 stores=4 reads=1
PASS collision GATED=1 shape=2 op=6 phase=2 source=0 launches=2 retire=1 WB=1 stores=4 reads=1
PASS collision GATED=1 shape=2 op=6 phase=0 source=1 launches=1 retire=1 WB=1 stores=4 reads=1
PASS collision GATED=1 shape=2 op=6 phase=0 source=2 launches=1 retire=1 WB=1 stores=4 reads=2
PASS collision GATED=1 shape=2 op=6 phase=0 source=3 launches=1 retire=1 WB=1 stores=4 reads=1
PASS collision GATED=1 shape=2 op=6 phase=0 source=4 launches=1 retire=1 WB=1 stores=4 reads=2
PASS CPU collision matrix GATED=1 cases=64 irq-boundaries=24 fault-priority=40 stores=256
- /Users/siriboi/github/tiny3tpu/hardware/synapse32/experiments/fetch/run-3glsge_c/snapshot/root/hardware/synapse32/experiments/divider/cpu_collision_tb.sv:263: Verilog $finish
- S i m u l a t i o n   R e p o r t: Verilator 5.046 2026-02-28
- Verilator: $finish at 367us; walltime 0.021 s; speed 17.115 ms/s
- Verilator: cpu 0.021 s on 1 threads; allocated 2 MB
